:MUSIC
Game\Music\INTER.MP3|INTER
Game\Music\INTERMUS.xm|INTERMUS
Game\Music\MENU.xm|MENU
:FONTS
Game\Fonts\STD.tga|STDFONT
Game\Fonts\MENU.tga|MENUFONT
Game\Fonts\MENU.TXT|MENUTXT
Game\Fonts\SMALL.tga|SMALLFONT
Game\Fonts\SMALL.TXT|SMALLTXT
:TEXTURES
Game\Textures\NOPIC.tga|NOPIC
Game\Textures\TITLE_HI.tga|TITLE
Game\Textures\MARKER1.tga|MARKER1
Game\Textures\MARKER2.tga|MARKER2
Game\Textures\SLEFT.tga|SLEFT
Game\Textures\SRIGHT.tga|SRIGHT
Game\Textures\SMIDDLE.tga|SMIDDLE
Game\Textures\SMARKER.tga|SMARKER
Game\Textures\ELEFT.tga|ELEFT
Game\Textures\ERIGHT.tga|ERIGHT
Game\Textures\EMIDDLE.tga|EMIDDLE
Game\Textures\BOX1.tga|BOX1
Game\Textures\BOX2.tga|BOX2
Game\Textures\BOX3.tga|BOX3
Game\Textures\BOX4.tga|BOX4
Game\Textures\BOX5.tga|BOX5
Game\Textures\BOX6.tga|BOX6
Game\Textures\BOX7.tga|BOX7
Game\Textures\BOX8.tga|BOX8
Game\Textures\BOX9.tga|BOX9
Game\Textures\SCROLLUPA.tga|SCROLLUPA
Game\Textures\SCROLLUPU.tga|SCROLLUPU
Game\Textures\SCROLLDOWNA.tga|SCROLLDOWNA
Game\Textures\SCROLLDOWNU.tga|SCROLLDOWNU
Game\Textures\SCROLLMIDDLE.tga|SCROLLMIDDLE
Game\Textures\INTER.tga|INTER
Game\Textures\CONSOLE.tga|CONSOLE
Game\Textures\HUD.tga|HUD
Game\Textures\HUDBG.tga|HUDBG
Game\Textures\ARMORHUD.tga|ARMORHUD
Game\Textures\TELEPORT.tga|TELEPORT
Game\Textures\SWHITE.tga|SWHITE
Game\Textures\SUIT.tga|SUIT
Game\Textures\SPULEMET.tga|SPULEMET
Game\Textures\SHOTGUN2.tga|SHOTGUN2
Game\Textures\SHOTGUN1.tga|SHOTGUN1
Game\Textures\SHELL2.tga|SHELL2
Game\Textures\SHELL1.tga|SHELL1
Game\Textures\SBLUE.tga|SBLUE
Game\Textures\SAW.tga|SAW
Game\Textures\ROCKETS.tga|ROCKETS
Game\Textures\ROCKET.tga|ROCKET
Game\Textures\RLAUNCHER.tga|RLAUNCHER
Game\Textures\PISTOL.tga|PISTOL
Game\Textures\PGUN.tga|PGUN
Game\Textures\OXYGEN.tga|OXYGEN
Game\Textures\MGUN.tga|MGUN
Game\Textures\MED2.tga|MED2
Game\Textures\MED1.tga|MED1
Game\Textures\KEYR.tga|KEYR
Game\Textures\KEYG.tga|KEYG
Game\Textures\KEYB.tga|KEYB
Game\Textures\KASTET.tga|KASTET
Game\Textures\ITEMRESPAWN.tga|ITEMRESPAWN
Game\Textures\INV.tga|INV
Game\Textures\FIRE.tga|FIRE
Game\Textures\EROCKET.tga|EROCKET
Game\Textures\EPLASMA.tga|EPLASMA
Game\Textures\EBFG.tga|EBFG
Game\Textures\EIMPFIRE.tga|EIMPFIRE
Game\Textures\EBSPFIRE.tga|EBSPFIRE
Game\Textures\ECACOFIRE.tga|ECACOFIRE
Game\Textures\EBARONFIRE.tga|EBARONFIRE
Game\Textures\CLIP.tga|CLIP
Game\Textures\CELL2.tga|CELL2
Game\Textures\CELL.tga|CELL
Game\Textures\BROCKET.tga|BROCKET
Game\Textures\BPLASMA.tga|BPLASMA
Game\Textures\BIMPFIRE.tga|BIMPFIRE
Game\Textures\BBSPFIRE.tga|BBSPFIRE
Game\Textures\BCACOFIRE.tga|BCACOFIRE
Game\Textures\BBARONFIRE.tga|BBARONFIRE
Game\Textures\BMANCUBFIRE.tga|BMANCUBFIRE
Game\Textures\BPACK.tga|BPACK
Game\Textures\BMED.tga|BMED
Game\Textures\BFGHIT.tga|BFGHIT
Game\Textures\BFG.tga|BFG
Game\Textures\BBFG.tga|BBFG
Game\Textures\ARMORGREEN.tga|ARMORGREEN
Game\Textures\ARMORBLUE.tga|ARMORBLUE
Game\Textures\ARMOR2.tga|ARMOR2
Game\Textures\ARMOR1.tga|ARMOR1
Game\Textures\AMMO.tga|AMMO
Game\Textures\SMOKE.tga|SMOKE
Game\Textures\FLAGRED.tga|FLAGRED
Game\Textures\FLAGBLUE.tga|FLAGBLUE
Game\Textures\FLAGDOM.tga|FLAGDOM
Game\Textures\FLAGREDS.tga|FLAGREDS
Game\Textures\FLAGBLUES.tga|FLAGBLUES
:SOUNDS
Game\Sounds\RADIO.WAV|RADIO
Game\Sounds\TELEPORT.WAV|TELEPORT
Game\Sounds\DOOROPEN.WAV|DOOROPEN
Game\Sounds\DOORCLOSE.WAV|DOORCLOSE
Game\Sounds\MENUSELECT.WAV|MENUSELECT
Game\Sounds\MENUOPEN.WAV|MENUOPEN
Game\Sounds\MENUCLOSE.WAV|MENUCLOSE
Game\Sounds\MENUCHANGE.WAV|MENUCHANGE
Game\Sounds\FALL.WAV|FALL
Game\Sounds\BULK2.WAV|BULK2
Game\Sounds\BULK1.WAV|BULK1
Game\Sounds\BUBBLES.WAV|BUBBLES
Game\Sounds\SWITCH1.WAV|SWITCH1
Game\Sounds\SWITCH0.WAV|SWITCH0
Game\Sounds\STARTFIREBFG.WAV|STARTFIREBFG
Game\Sounds\SELECTSAW.WAV|SELECTSAW
Game\Sounds\RESPAWNITEM.WAV|RESPAWNITEM
Game\Sounds\IDLESAW.WAV|IDLESAW
Game\Sounds\HITSAW.WAV|HITSAW
Game\Sounds\HITPUNCH.WAV|HITPUNCH
Game\Sounds\GETRULEZ.WAV|GETRULEZ
Game\Sounds\GETITEM.WAV|GETITEM
Game\Sounds\GETMED.WAV|GETMED
Game\Sounds\FIRESHOTGUN2.WAV|FIRESHOTGUN2
Game\Sounds\FIRESHOTGUN.WAV|FIRESHOTGUN
Game\Sounds\FIRESAW.WAV|FIRESAW
Game\Sounds\FIREROCKET.WAV|FIREROCKET
Game\Sounds\FIREPLASMA.WAV|FIREPLASMA
Game\Sounds\FIREPISTOL.WAV|FIREPISTOL
Game\Sounds\FIRECGUN.WAV|FIRECGUN
Game\Sounds\FIREBFG.WAV|FIREBFG
Game\Sounds\FIRE.WAV|FIRE
Game\Sounds\EXPLODEROCKET.WAV|EXPLODEROCKET
Game\Sounds\EXPLODEPLASMA.WAV|EXPLODEPLASMA
Game\Sounds\EXPLODEBALL.WAV|EXPLODEBALL
Game\Sounds\FIREBALL.WAV|FIREBALL
Game\Sounds\FIREREV.WAV|FIREREV
Game\Sounds\GOOD1.wav|GOOD1
Game\Sounds\GOOD2.wav|GOOD2
Game\Sounds\GOOD3.wav|GOOD3
Game\Sounds\GOOD4.wav|GOOD4
:WEAPONS
Game\Weapons\ssg_up_fire.tga|ssg_up_fire
Game\Weapons\ssg_up.tga|ssg_up
Game\Weapons\ssg_fire.tga|ssg_fire
Game\Weapons\ssg_dn_fire.tga|ssg_dn_fire
Game\Weapons\ssg_dn.tga|ssg_dn
Game\Weapons\ssg.tga|ssg
Game\Weapons\spl_up_fire.tga|spl_up_fire
Game\Weapons\spl_up.tga|spl_up
Game\Weapons\spl_fire.tga|spl_fire
Game\Weapons\spl_dn_fire.tga|spl_dn_fire
Game\Weapons\spl_dn.tga|spl_dn
Game\Weapons\spl.tga|spl
Game\Weapons\sg_up_fire.tga|sg_up_fire
Game\Weapons\sg_up.tga|sg_up
Game\Weapons\sg_fire.tga|sg_fire
Game\Weapons\sg_dn_fire.tga|sg_dn_fire
Game\Weapons\sg_dn.tga|sg_dn
Game\Weapons\sg.tga|sg
Game\Weapons\rkt_up_fire.tga|rkt_up_fire
Game\Weapons\rkt_up.tga|rkt_up
Game\Weapons\rkt_fire.tga|rkt_fire
Game\Weapons\rkt_dn_fire.tga|rkt_dn_fire
Game\Weapons\rkt_dn.tga|rkt_dn
Game\Weapons\rkt.tga|rkt
Game\Weapons\plz_up_fire.tga|plz_up_fire
Game\Weapons\plz_up.tga|plz_up
Game\Weapons\plz_fire.tga|plz_fire
Game\Weapons\plz_dn_fire.tga|plz_dn_fire
Game\Weapons\plz_dn.tga|plz_dn
Game\Weapons\plz.tga|plz
Game\Weapons\mgun_up_fire.tga|mgun_up_fire
Game\Weapons\mgun_up.tga|mgun_up
Game\Weapons\mgun_fire.tga|mgun_fire
Game\Weapons\mgun_dn_fire.tga|mgun_dn_fire
Game\Weapons\mgun_dn.tga|mgun_dn
Game\Weapons\mgun.tga|mgun
Game\Weapons\hgun_up_fire.tga|hgun_up_fire
Game\Weapons\hgun_up.tga|hgun_up
Game\Weapons\hgun_fire.tga|hgun_fire
Game\Weapons\hgun_dn_fire.tga|hgun_dn_fire
Game\Weapons\hgun_dn.tga|hgun_dn
Game\Weapons\hgun.tga|hgun
Game\Weapons\csaw_up_fire.tga|csaw_up_fire
Game\Weapons\csaw_up.tga|csaw_up
Game\Weapons\csaw_fire.tga|csaw_fire
Game\Weapons\csaw_dn_fire.tga|csaw_dn_fire
Game\Weapons\csaw_dn.tga|csaw_dn
Game\Weapons\csaw.tga|csaw
Game\Weapons\bfg_up_fire.tga|bfg_up_fire
Game\Weapons\bfg_up.tga|bfg_up
Game\Weapons\bfg_fire.tga|bfg_fire
Game\Weapons\bfg_dn_fire.tga|bfg_dn_fire
Game\Weapons\bfg_dn.tga|bfg_dn
Game\Weapons\bfg.tga|bfg
:MTEXTURES
Game\MTextures\barrel_sleep.tga|BARREL_SLEEP
Game\MTextures\barrel_pain.tga|BARREL_PAIN
Game\MTextures\barrel_die.tga|BARREL_DIE
Game\MTextures\zomby_sleep.tga|ZOMBY_SLEEP
Game\MTextures\zomby_pain.tga|ZOMBY_PAIN
Game\MTextures\zomby_mess.tga|ZOMBY_MESS
Game\MTextures\zomby_go.tga|ZOMBY_GO
Game\MTextures\zomby_die.tga|ZOMBY_DIE
Game\MTextures\zomby_attack.tga|ZOMBY_ATTACK
Game\MTextures\serg_sleep.tga|SERG_SLEEP
Game\MTextures\serg_pain.tga|SERG_PAIN
Game\MTextures\serg_mess.tga|SERG_MESS
Game\MTextures\serg_go.tga|SERG_GO
Game\MTextures\serg_die.tga|SERG_DIE
Game\MTextures\serg_attack.tga|SERG_ATTACK
Game\MTextures\man_sleep.tga|MAN_SLEEP
Game\MTextures\man_pain.tga|MAN_PAIN
Game\MTextures\man_mess.tga|MAN_MESS
Game\MTextures\man_go.tga|MAN_GO
Game\MTextures\man_die.tga|MAN_DIE
Game\MTextures\man_attack.tga|MAN_ATTACK
Game\MTextures\imp_sleep.tga|IMP_SLEEP
Game\MTextures\imp_pain.tga|IMP_PAIN
Game\MTextures\imp_mess.tga|IMP_MESS
Game\MTextures\imp_go.tga|IMP_GO
Game\MTextures\imp_die.tga|IMP_DIE
Game\MTextures\imp_attack.tga|IMP_ATTACK
Game\MTextures\demon_sleep.tga|DEMON_SLEEP
Game\MTextures\demon_pain.tga|DEMON_PAIN
Game\MTextures\demon_go.tga|DEMON_GO
Game\MTextures\demon_die.tga|DEMON_DIE
Game\MTextures\demon_attack.tga|DEMON_ATTACK
Game\MTextures\cgun_sleep_l.tga|CGUN_SLEEP_L
Game\MTextures\cgun_sleep.tga|CGUN_SLEEP
Game\MTextures\cgun_pain_l.tga|CGUN_PAIN_L
Game\MTextures\cgun_pain.tga|CGUN_PAIN
Game\MTextures\cgun_mess.tga|CGUN_MESS
Game\MTextures\cgun_go_l.tga|CGUN_GO_L
Game\MTextures\cgun_go.tga|CGUN_GO
Game\MTextures\cgun_die.tga|CGUN_DIE
Game\MTextures\cgun_attack_l.tga|CGUN_ATTACK_L
Game\MTextures\cgun_attack.tga|CGUN_ATTACK
Game\MTextures\soul_go.tga|SOUL_GO
Game\MTextures\soul_die.tga|SOUL_DIE
Game\MTextures\soul_pain.tga|SOUL_PAIN
Game\MTextures\soul_sleep.tga|SOUL_SLEEP
Game\MTextures\soul_attack.tga|SOUL_ATTACK
Game\MTextures\fish_go.tga|FISH_GO
Game\MTextures\fish_die.tga|FISH_DIE
Game\MTextures\fish_pain.tga|FISH_PAIN
Game\MTextures\fish_sleep.tga|FISH_SLEEP
Game\MTextures\fish_attack.tga|FISH_ATTACK
Game\MTextures\spider_go.tga|SPIDER_GO
Game\MTextures\spider_die.tga|SPIDER_DIE
Game\MTextures\spider_pain.tga|SPIDER_PAIN
Game\MTextures\spider_pain_l.tga|SPIDER_PAIN_L
Game\MTextures\spider_sleep.tga|SPIDER_SLEEP
Game\MTextures\spider_attack.tga|SPIDER_ATTACK
Game\MTextures\bsp_go.tga|BSP_GO
Game\MTextures\bsp_die.tga|BSP_DIE
Game\MTextures\bsp_pain.tga|BSP_PAIN
Game\MTextures\bsp_pain_l.tga|BSP_PAIN_L
Game\MTextures\bsp_sleep.tga|BSP_SLEEP
Game\MTextures\bsp_attack.tga|BSP_ATTACK
Game\MTextures\caco_go.tga|CACO_GO
Game\MTextures\caco_die.tga|CACO_DIE
Game\MTextures\caco_pain.tga|CACO_PAIN
Game\MTextures\caco_sleep.tga|CACO_SLEEP
Game\MTextures\caco_attack.tga|CACO_ATTACK
Game\MTextures\pain_go.tga|PAIN_GO
Game\MTextures\pain_die.tga|PAIN_DIE
Game\MTextures\pain_pain.tga|PAIN_PAIN
Game\MTextures\pain_sleep.tga|PAIN_SLEEP
Game\MTextures\pain_attack.tga|PAIN_ATTACK
Game\MTextures\baron_go.tga|BARON_GO
Game\MTextures\baron_die.tga|BARON_DIE
Game\MTextures\baron_pain.tga|BARON_PAIN
Game\MTextures\baron_pain_l.tga|BARON_PAIN_L
Game\MTextures\baron_sleep.tga|BARON_SLEEP
Game\MTextures\baron_sleep_l.tga|BARON_SLEEP_L
Game\MTextures\baron_attack.tga|BARON_ATTACK
Game\MTextures\baron_attack_l.tga|BARON_ATTACK_L
Game\MTextures\knight_go.tga|KNIGHT_GO
Game\MTextures\knight_die.tga|KNIGHT_DIE
Game\MTextures\knight_pain.tga|KNIGHT_PAIN
Game\MTextures\knight_pain_l.tga|KNIGHT_PAIN_L
Game\MTextures\knight_sleep.tga|KNIGHT_SLEEP
Game\MTextures\knight_sleep_l.tga|KNIGHT_SLEEP_L
Game\MTextures\knight_attack.tga|KNIGHT_ATTACK
Game\MTextures\knight_attack_l.tga|KNIGHT_ATTACK_L
Game\MTextures\mancub_go.tga|MANCUB_GO
Game\MTextures\mancub_die.tga|MANCUB_DIE
Game\MTextures\mancub_pain.tga|MANCUB_PAIN
Game\MTextures\mancub_sleep.tga|MANCUB_SLEEP
Game\MTextures\mancub_attack.tga|MANCUB_ATTACK
Game\MTextures\skel_go.tga|SKEL_GO
Game\MTextures\skel_die.tga|SKEL_DIE
Game\MTextures\skel_pain.tga|SKEL_PAIN
Game\MTextures\skel_pain_l.tga|SKEL_PAIN_L
Game\MTextures\skel_sleep.tga|SKEL_SLEEP
Game\MTextures\skel_sleep_l.tga|SKEL_SLEEP_L
Game\MTextures\skel_attack.tga|SKEL_ATTACK
Game\MTextures\skel_attack_l.tga|SKEL_ATTACK_L
Game\MTextures\skel_attack2.tga|SKEL_ATTACK2
Game\MTextures\skel_attack2_l.tga|SKEL_ATTACK2_L
Game\MTextures\vile_go.tga|VILE_GO
Game\MTextures\vile_die.tga|VILE_DIE
Game\MTextures\vile_pain.tga|VILE_PAIN
Game\MTextures\vile_pain_l.tga|VILE_PAIN_L
Game\MTextures\vile_sleep.tga|VILE_SLEEP
Game\MTextures\vile_sleep_l.tga|VILE_SLEEP_L
Game\MTextures\vile_attack.tga|VILE_ATTACK
Game\MTextures\vile_attack_l.tga|VILE_ATTACK_L
Game\MTextures\vile_attack2.tga|VILE_ATTACK2
Game\MTextures\vile_attack2_l.tga|VILE_ATTACK2_L
Game\MTextures\robo_go.tga|ROBO_GO
Game\MTextures\robo_die.tga|ROBO_DIE
Game\MTextures\robo_sleep.tga|ROBO_SLEEP
Game\MTextures\robo_attack.tga|ROBO_ATTACK
Game\MTextures\robo_attack2.tga|ROBO_ATTACK2
Game\MTextures\cyber_go.tga|CYBER_GO
Game\MTextures\cyber_go_l.tga|CYBER_GO_L
Game\MTextures\cyber_die.tga|CYBER_DIE
Game\MTextures\cyber_pain.tga|CYBER_PAIN
Game\MTextures\cyber_pain_l.tga|CYBER_PAIN_L
Game\MTextures\cyber_sleep.tga|CYBER_SLEEP
Game\MTextures\cyber_sleep_l.tga|CYBER_SLEEP_L
Game\MTextures\cyber_attack.tga|CYBER_ATTACK
Game\MTextures\cyber_attack_l.tga|CYBER_ATTACK_L
:MSOUNDS
Game\MSounds\action.wav|ACTION
Game\MSounds\action2.wav|ACTION2
Game\MSounds\pain.wav|PAIN
Game\MSounds\pain2.wav|PAIN2
Game\MSounds\alert_1.wav|ALERT_1
Game\MSounds\alert_2.wav|ALERT_2
Game\MSounds\alert_3.wav|ALERT_3
Game\MSounds\die_1.wav|DIE_1
Game\MSounds\die_2.wav|DIE_2
Game\MSounds\die_3.wav|DIE_3
Game\MSounds\slop.wav|SLOP
Game\MSounds\barrel_die.wav|BARREL_DIE
Game\MSounds\demon_alert.wav|DEMON_ALERT
Game\MSounds\demon_die.wav|DEMON_DIE
Game\MSounds\demon_attack.wav|DEMON_ATTACK
Game\MSounds\imp_action.wav|IMP_ACTION
Game\MSounds\imp_attack.wav|IMP_ATTACK
Game\MSounds\imp_alert_1.wav|IMP_ALERT_1
Game\MSounds\imp_alert_2.wav|IMP_ALERT_2
Game\MSounds\imp_die_1.wav|IMP_DIE_1
Game\MSounds\imp_die_2.wav|IMP_DIE_2
Game\MSounds\man_alert.wav|MAN_ALERT
Game\MSounds\man_die.wav|MAN_DIE
Game\MSounds\man_pain.wav|MAN_PAIN
Game\MSounds\haha.wav|HAHA
Game\MSounds\trup.wav|TRUP
Game\MSounds\soul_attack.wav|SOUL_ATTACK
Game\MSounds\soul_die.wav|SOUL_DIE
Game\MSounds\bsp_action.wav|BSP_ACTION
Game\MSounds\bsp_die.wav|BSP_DIE
Game\MSounds\bsp_alert.wav|BSP_ALERT
Game\MSounds\bsp_walk.wav|BSP_WALK
Game\MSounds\vile_action.wav|VILE_ACTION
Game\MSounds\vile_pain.wav|VILE_PAIN
Game\MSounds\vile_die.wav|VILE_DIE
Game\MSounds\vile_alert.wav|VILE_ALERT
Game\MSounds\vile_attack.wav|VILE_ATTACK
Game\MSounds\skel_action.wav|SKEL_ACTION
Game\MSounds\skel_die.wav|SKEL_DIE
Game\MSounds\skel_alert.wav|SKEL_ALERT
Game\MSounds\skel_attack.wav|SKEL_ATTACK
Game\MSounds\skel_hit.wav|SKEL_HIT
Game\MSounds\mancub_pain.wav|MANCUB_PAIN
Game\MSounds\mancub_die.wav|MANCUB_DIE
Game\MSounds\mancub_alert.wav|MANCUB_ALERT
Game\MSounds\mancub_attack.wav|MANCUB_ATTACK
Game\MSounds\pain_pain.wav|PAIN_PAIN
Game\MSounds\pain_die.wav|PAIN_DIE
Game\MSounds\pain_alert.wav|PAIN_ALERT
Game\MSounds\baron_die.wav|BARON_DIE
Game\MSounds\baron_alert.wav|BARON_ALERT
Game\MSounds\caco_die.wav|CACO_DIE
Game\MSounds\caco_alert.wav|CACO_ALERT
Game\MSounds\cyber_die.wav|CYBER_DIE
Game\MSounds\cyber_alert.wav|CYBER_ALERT
Game\MSounds\cyber_walk.wav|CYBER_WALK
Game\MSounds\knight_alert.wav|KNIGHT_ALERT
Game\MSounds\knight_die.wav|KNIGHT_DIE
Game\MSounds\spider_die.wav|SPIDER_DIE
Game\MSounds\spider_alert.wav|SPIDER_ALERT
Game\MSounds\spider_walk.wav|SPIDER_WALK
Game\MSounds\fish_attack.wav|FISH_ATTACK